scala> val ep = Seq(("Harry",1),("SOMA",1),("Sandy",3),("andy",2),("ted",3))
ep: Seq[(String, Int)] = List((Harry,1), (SOMA,1), (Sandy,3), (andy,2), (ted,3))

scala> val emp = sc.parallelize
   def parallelize[T](seq: Seq[T],numSlices: Int)(implicit evidence$1: scala.reflect.ClassTag[T]): org.apache.spark.rdd.RDD[T]

scala> val emp = sc.parallelize(ep)
emp: org.apache.spark.rdd.RDD[(String, Int)] = ParallelCollectionRDD[0] at parallelize at <console>:26

scala> val dp = Map(1->"a",2->"b",3->"c")
dp: scala.collection.immutable.Map[Int,String] = Map(1 -> a, 2 -> b, 3 -> c)

scala> val dep = sc.broadcast(dp)
dep: org.apache.spark.broadcast.Broadcast[scala.collection.immutable.Map[Int,String]] = Broadcast(0)

scala> emp.map(x => x._1 + "," + x._2).collect
res0: Array[String] = Array(Harry,1, SOMA,1, Sandy,3, andy,2, ted,3)

scala> emp.map(x => x._1 + "," + x._2 + "," + dep.value.get(x._2).ge
genericBuilder   get   getClass   getOrElse

scala> emp.map(x => x._1 + "," + x._2 + "," + dep.value.get(x._2).get).collect.foreach(println)
Harry,1,a
SOMA,1,a
Sandy,3,c
andy,2,b
ted,3,c

scala> dep.unpersist()

scala> emp.map(x => x._1 + "," + x._2 + "," + dep.value.get(x._2).get).collect.foreach(println)
Harry,1,a
SOMA,1,a
Sandy,3,c
andy,2,b
ted,3,c

scala> dep.destory
<console>:26: error: value destory is not a member of org.apache.spark.broadcast.Broadcast[scala.collection.immutable.Map[Int,String]]
       dep.destory
           ^

scala> dep.destory()
<console>:26: error: value destory is not a member of org.apache.spark.broadcast.Broadcast[scala.collection.immutable.Map[Int,String]]
       dep.destory()
           ^

scala> dep.destroy()

scala> emp.map(x => x._1 + "," + x._2 + "," + dep.value.get(x._2).get).collect.foreach(println)
20/05/25 09:16:55 ERROR Utils: Exception encountered
org.apache.spark.SparkException: Attempted to use Broadcast(0) after it was destroyed (destroy at <console>:26)
	at org.apache.spark.broadcast.Broadcast.assertValid(Broadcast.scala:144)
	at org.apache.spark.broadcast.TorrentBroadcast.$anonfun$writeObject$1(TorrentBroadcast.scala:213)
	at scala.runtime.java8.JFunction0$mcV$sp.apply(JFunction0$mcV$sp.java:23)
	at org.apache.spark.util.Utils$.tryOrIOException(Utils.scala:1343)
	at org.apache.spark.broadcast.TorrentBroadcast.writeObject(TorrentBroadcast.scala:212)
	at sun.reflect.GeneratedMethodAccessor19.invoke(Unknown Source)
	at sun.reflect.DelegatingMethodAccessorImpl.invoke(DelegatingMethodAccessorImpl.java:43)
	at java.lang.reflect.Method.invoke(Method.java:498)
	at java.io.ObjectStreamClass.invokeWriteObject(ObjectStreamClass.java:1140)
	at java.io.ObjectOutputStream.writeSerialData(ObjectOutputStream.java:1496)
	at java.io.ObjectOutputStream.writeOrdinaryObject(ObjectOutputStream.java:1432)
	at java.io.ObjectOutputStream.writeObject0(ObjectOutputStream.java:1178)
	at java.io.ObjectOutputStream.defaultWriteFields(ObjectOutputStream.java:1548)
	at java.io.ObjectOutputStream.writeSerialData(ObjectOutputStream.java:1509)
	at java.io.ObjectOutputStream.writeOrdinaryObject(ObjectOutputStream.java:1432)
	at java.io.ObjectOutputStream.writeObject0(ObjectOutputStream.java:1178)
	at java.io.ObjectOutputStream.defaultWriteFields(ObjectOutputStream.java:1548)
	at java.io.ObjectOutputStream.writeSerialData(ObjectOutputStream.java:1509)
	at java.io.ObjectOutputStream.writeOrdinaryObject(ObjectOutputStream.java:1432)
	at java.io.ObjectOutputStream.writeObject0(ObjectOutputStream.java:1178)
	at java.io.ObjectOutputStream.defaultWriteFields(ObjectOutputStream.java:1548)
	at java.io.ObjectOutputStream.writeSerialData(ObjectOutputStream.java:1509)
	at java.io.ObjectOutputStream.writeOrdinaryObject(ObjectOutputStream.java:1432)
	at java.io.ObjectOutputStream.writeObject0(ObjectOutputStream.java:1178)
	at java.io.ObjectOutputStream.defaultWriteFields(ObjectOutputStream.java:1548)
	at java.io.ObjectOutputStream.writeSerialData(ObjectOutputStream.java:1509)
	at java.io.ObjectOutputStream.writeOrdinaryObject(ObjectOutputStream.java:1432)
	at java.io.ObjectOutputStream.writeObject0(ObjectOutputStream.java:1178)
	at java.io.ObjectOutputStream.defaultWriteFields(ObjectOutputStream.java:1548)
	at java.io.ObjectOutputStream.writeSerialData(ObjectOutputStream.java:1509)
	at java.io.ObjectOutputStream.writeOrdinaryObject(ObjectOutputStream.java:1432)
	at java.io.ObjectOutputStream.writeObject0(ObjectOutputStream.java:1178)
	at java.io.ObjectOutputStream.defaultWriteFields(ObjectOutputStream.java:1548)
	at java.io.ObjectOutputStream.writeSerialData(ObjectOutputStream.java:1509)
	at java.io.ObjectOutputStream.writeOrdinaryObject(ObjectOutputStream.java:1432)
	at java.io.ObjectOutputStream.writeObject0(ObjectOutputStream.java:1178)
	at java.io.ObjectOutputStream.defaultWriteFields(ObjectOutputStream.java:1548)
	at java.io.ObjectOutputStream.writeSerialData(ObjectOutputStream.java:1509)
	at java.io.ObjectOutputStream.writeOrdinaryObject(ObjectOutputStream.java:1432)
	at java.io.ObjectOutputStream.writeObject0(ObjectOutputStream.java:1178)
	at java.io.ObjectOutputStream.defaultWriteFields(ObjectOutputStream.java:1548)
	at java.io.ObjectOutputStream.writeSerialData(ObjectOutputStream.java:1509)
	at java.io.ObjectOutputStream.writeOrdinaryObject(ObjectOutputStream.java:1432)
	at java.io.ObjectOutputStream.writeObject0(ObjectOutputStream.java:1178)
	at java.io.ObjectOutputStream.defaultWriteFields(ObjectOutputStream.java:1548)
	at java.io.ObjectOutputStream.writeSerialData(ObjectOutputStream.java:1509)
	at java.io.ObjectOutputStream.writeOrdinaryObject(ObjectOutputStream.java:1432)
	at java.io.ObjectOutputStream.writeObject0(ObjectOutputStream.java:1178)
	at java.io.ObjectOutputStream.defaultWriteFields(ObjectOutputStream.java:1548)
	at java.io.ObjectOutputStream.writeSerialData(ObjectOutputStream.java:1509)
	at java.io.ObjectOutputStream.writeOrdinaryObject(ObjectOutputStream.java:1432)
	at java.io.ObjectOutputStream.writeObject0(ObjectOutputStream.java:1178)
	at java.io.ObjectOutputStream.defaultWriteFields(ObjectOutputStream.java:1548)
	at java.io.ObjectOutputStream.writeSerialData(ObjectOutputStream.java:1509)
	at java.io.ObjectOutputStream.writeOrdinaryObject(ObjectOutputStream.java:1432)
	at java.io.ObjectOutputStream.writeObject0(ObjectOutputStream.java:1178)
	at java.io.ObjectOutputStream.writeArray(ObjectOutputStream.java:1378)
	at java.io.ObjectOutputStream.writeObject0(ObjectOutputStream.java:1174)
	at java.io.ObjectOutputStream.defaultWriteFields(ObjectOutputStream.java:1548)
	at java.io.ObjectOutputStream.writeSerialData(ObjectOutputStream.java:1509)
	at java.io.ObjectOutputStream.writeOrdinaryObject(ObjectOutputStream.java:1432)
	at java.io.ObjectOutputStream.writeObject0(ObjectOutputStream.java:1178)
	at java.io.ObjectOutputStream.writeObject(ObjectOutputStream.java:348)
	at org.apache.spark.serializer.JavaSerializationStream.writeObject(JavaSerializer.scala:44)
	at org.apache.spark.serializer.JavaSerializerInstance.serialize(JavaSerializer.scala:101)
	at org.apache.spark.util.ClosureCleaner$.ensureSerializable(ClosureCleaner.scala:393)
	at org.apache.spark.util.ClosureCleaner$.clean(ClosureCleaner.scala:386)
	at org.apache.spark.util.ClosureCleaner$.clean(ClosureCleaner.scala:159)
	at org.apache.spark.SparkContext.clean(SparkContext.scala:2379)
	at org.apache.spark.rdd.RDD.$anonfun$map$1(RDD.scala:396)
	at org.apache.spark.rdd.RDDOperationScope$.withScope(RDDOperationScope.scala:151)
	at org.apache.spark.rdd.RDDOperationScope$.withScope(RDDOperationScope.scala:112)
	at org.apache.spark.rdd.RDD.withScope(RDD.scala:388)
	at org.apache.spark.rdd.RDD.map(RDD.scala:395)
	at $line32.$read$$iw$$iw$$iw$$iw$$iw$$iw$$iw$$iw.<init>(<console>:28)
	at $line32.$read$$iw$$iw$$iw$$iw$$iw$$iw$$iw.<init>(<console>:32)
	at $line32.$read$$iw$$iw$$iw$$iw$$iw$$iw.<init>(<console>:34)
	at $line32.$read$$iw$$iw$$iw$$iw$$iw.<init>(<console>:36)
	at $line32.$read$$iw$$iw$$iw$$iw.<init>(<console>:38)
	at $line32.$read$$iw$$iw$$iw.<init>(<console>:40)
	at $line32.$read$$iw$$iw.<init>(<console>:42)
	at $line32.$read$$iw.<init>(<console>:44)
	at $line32.$read.<init>(<console>:46)
	at $line32.$read$.<init>(<console>:50)
	at $line32.$read$.<clinit>(<console>)
	at $line32.$eval$.$print$lzycompute(<console>:7)
	at $line32.$eval$.$print(<console>:6)
	at $line32.$eval.$print(<console>)
	at sun.reflect.NativeMethodAccessorImpl.invoke0(Native Method)
	at sun.reflect.NativeMethodAccessorImpl.invoke(NativeMethodAccessorImpl.java:62)
	at sun.reflect.DelegatingMethodAccessorImpl.invoke(DelegatingMethodAccessorImpl.java:43)
	at java.lang.reflect.Method.invoke(Method.java:498)
	at scala.tools.nsc.interpreter.IMain$ReadEvalPrint.call(IMain.scala:745)
	at scala.tools.nsc.interpreter.IMain$Request.loadAndRun(IMain.scala:1021)
	at scala.tools.nsc.interpreter.IMain.$anonfun$interpret$1(IMain.scala:574)
	at scala.reflect.internal.util.ScalaClassLoader.asContext(ScalaClassLoader.scala:41)
	at scala.reflect.internal.util.ScalaClassLoader.asContext$(ScalaClassLoader.scala:37)
	at scala.reflect.internal.util.AbstractFileClassLoader.asContext(AbstractFileClassLoader.scala:41)
	at scala.tools.nsc.interpreter.IMain.loadAndRunReq$1(IMain.scala:573)
	at scala.tools.nsc.interpreter.IMain.interpret(IMain.scala:600)
	at scala.tools.nsc.interpreter.IMain.interpret(IMain.scala:570)
	at scala.tools.nsc.interpreter.ILoop.interpretStartingWith(ILoop.scala:894)
	at scala.tools.nsc.interpreter.ILoop.command(ILoop.scala:762)
	at scala.tools.nsc.interpreter.ILoop.processLine(ILoop.scala:464)
	at scala.tools.nsc.interpreter.ILoop.loop(ILoop.scala:485)
	at org.apache.spark.repl.SparkILoop.process(SparkILoop.scala:239)
	at org.apache.spark.repl.Main$.doMain(Main.scala:78)
	at org.apache.spark.repl.Main$.main(Main.scala:58)
	at org.apache.spark.repl.Main.main(Main.scala)
	at sun.reflect.NativeMethodAccessorImpl.invoke0(Native Method)
	at sun.reflect.NativeMethodAccessorImpl.invoke(NativeMethodAccessorImpl.java:62)
	at sun.reflect.DelegatingMethodAccessorImpl.invoke(DelegatingMethodAccessorImpl.java:43)
	at java.lang.reflect.Method.invoke(Method.java:498)
	at org.apache.spark.deploy.JavaMainApplication.start(SparkApplication.scala:52)
	at org.apache.spark.deploy.SparkSubmit.org$apache$spark$deploy$SparkSubmit$$runMain(SparkSubmit.scala:928)
	at org.apache.spark.deploy.SparkSubmit.doRunMain$1(SparkSubmit.scala:180)
	at org.apache.spark.deploy.SparkSubmit.submit(SparkSubmit.scala:203)
	at org.apache.spark.deploy.SparkSubmit.doSubmit(SparkSubmit.scala:90)
	at org.apache.spark.deploy.SparkSubmit$$anon$2.doSubmit(SparkSubmit.scala:1007)
	at org.apache.spark.deploy.SparkSubmit$.main(SparkSubmit.scala:1016)
	at org.apache.spark.deploy.SparkSubmit.main(SparkSubmit.scala)
org.apache.spark.SparkException: Task not serializable
  at org.apache.spark.util.ClosureCleaner$.ensureSerializable(ClosureCleaner.scala:396)
  at org.apache.spark.util.ClosureCleaner$.clean(ClosureCleaner.scala:386)
  at org.apache.spark.util.ClosureCleaner$.clean(ClosureCleaner.scala:159)
  at org.apache.spark.SparkContext.clean(SparkContext.scala:2379)
  at org.apache.spark.rdd.RDD.$anonfun$map$1(RDD.scala:396)
  at org.apache.spark.rdd.RDDOperationScope$.withScope(RDDOperationScope.scala:151)
  at org.apache.spark.rdd.RDDOperationScope$.withScope(RDDOperationScope.scala:112)
  at org.apache.spark.rdd.RDD.withScope(RDD.scala:388)
  at org.apache.spark.rdd.RDD.map(RDD.scala:395)
  ... 47 elided
Caused by: java.io.IOException: org.apache.spark.SparkException: Attempted to use Broadcast(0) after it was destroyed (destroy at <console>:26)
  at org.apache.spark.util.Utils$.tryOrIOException(Utils.scala:1350)
  at org.apache.spark.broadcast.TorrentBroadcast.writeObject(TorrentBroadcast.scala:212)
  at sun.reflect.GeneratedMethodAccessor19.invoke(Unknown Source)
  at sun.reflect.DelegatingMethodAccessorImpl.invoke(DelegatingMethodAccessorImpl.java:43)
  at java.lang.reflect.Method.invoke(Method.java:498)
  at java.io.ObjectStreamClass.invokeWriteObject(ObjectStreamClass.java:1140)
  at java.io.ObjectOutputStream.writeSerialData(ObjectOutputStream.java:1496)
  at java.io.ObjectOutputStream.writeOrdinaryObject(ObjectOutputStream.java:1432)
  at java.io.ObjectOutputStream.writeObject0(ObjectOutputStream.java:1178)
  at java.io.ObjectOutputStream.defaultWriteFields(ObjectOutputStream.java:1548)
  at java.io.ObjectOutputStream.writeSerialData(ObjectOutputStream.java:1509)
  at java.io.ObjectOutputStream.writeOrdinaryObject(ObjectOutputStream.java:1432)
  at java.io.ObjectOutputStream.writeObject0(ObjectOutputStream.java:1178)
  at java.io.ObjectOutputStream.defaultWriteFields(ObjectOutputStream.java:1548)
  at java.io.ObjectOutputStream.writeSerialData(ObjectOutputStream.java:1509)
  at java.io.ObjectOutputStream.writeOrdinaryObject(ObjectOutputStream.java:1432)
  at java.io.ObjectOutputStream.writeObject0(ObjectOutputStream.java:1178)
  at java.io.ObjectOutputStream.defaultWriteFields(ObjectOutputStream.java:1548)
  at java.io.ObjectOutputStream.writeSerialData(ObjectOutputStream.java:1509)
  at java.io.ObjectOutputStream.writeOrdinaryObject(ObjectOutputStream.java:1432)
  at java.io.ObjectOutputStream.writeObject0(ObjectOutputStream.java:1178)
  at java.io.ObjectOutputStream.defaultWriteFields(ObjectOutputStream.java:1548)
  at java.io.ObjectOutputStream.writeSerialData(ObjectOutputStream.java:1509)
  at java.io.ObjectOutputStream.writeOrdinaryObject(ObjectOutputStream.java:1432)
  at java.io.ObjectOutputStream.writeObject0(ObjectOutputStream.java:1178)
  at java.io.ObjectOutputStream.defaultWriteFields(ObjectOutputStream.java:1548)
  at java.io.ObjectOutputStream.writeSerialData(ObjectOutputStream.java:1509)
  at java.io.ObjectOutputStream.writeOrdinaryObject(ObjectOutputStream.java:1432)
  at java.io.ObjectOutputStream.writeObject0(ObjectOutputStream.java:1178)
  at java.io.ObjectOutputStream.defaultWriteFields(ObjectOutputStream.java:1548)
  at java.io.ObjectOutputStream.writeSerialData(ObjectOutputStream.java:1509)
  at java.io.ObjectOutputStream.writeOrdinaryObject(ObjectOutputStream.java:1432)
  at java.io.ObjectOutputStream.writeObject0(ObjectOutputStream.java:1178)
  at java.io.ObjectOutputStream.defaultWriteFields(ObjectOutputStream.java:1548)
  at java.io.ObjectOutputStream.writeSerialData(ObjectOutputStream.java:1509)
  at java.io.ObjectOutputStream.writeOrdinaryObject(ObjectOutputStream.java:1432)
  at java.io.ObjectOutputStream.writeObject0(ObjectOutputStream.java:1178)
  at java.io.ObjectOutputStream.defaultWriteFields(ObjectOutputStream.java:1548)
  at java.io.ObjectOutputStream.writeSerialData(ObjectOutputStream.java:1509)
  at java.io.ObjectOutputStream.writeOrdinaryObject(ObjectOutputStream.java:1432)
  at java.io.ObjectOutputStream.writeObject0(ObjectOutputStream.java:1178)
  at java.io.ObjectOutputStream.defaultWriteFields(ObjectOutputStream.java:1548)
  at java.io.ObjectOutputStream.writeSerialData(ObjectOutputStream.java:1509)
  at java.io.ObjectOutputStream.writeOrdinaryObject(ObjectOutputStream.java:1432)
  at java.io.ObjectOutputStream.writeObject0(ObjectOutputStream.java:1178)
  at java.io.ObjectOutputStream.defaultWriteFields(ObjectOutputStream.java:1548)
  at java.io.ObjectOutputStream.writeSerialData(ObjectOutputStream.java:1509)
  at java.io.ObjectOutputStream.writeOrdinaryObject(ObjectOutputStream.java:1432)
  at java.io.ObjectOutputStream.writeObject0(ObjectOutputStream.java:1178)
  at java.io.ObjectOutputStream.defaultWriteFields(ObjectOutputStream.java:1548)
  at java.io.ObjectOutputStream.writeSerialData(ObjectOutputStream.java:1509)
  at java.io.ObjectOutputStream.writeOrdinaryObject(ObjectOutputStream.java:1432)
  at java.io.ObjectOutputStream.writeObject0(ObjectOutputStream.java:1178)
  at java.io.ObjectOutputStream.writeArray(ObjectOutputStream.java:1378)
  at java.io.ObjectOutputStream.writeObject0(ObjectOutputStream.java:1174)
  at java.io.ObjectOutputStream.defaultWriteFields(ObjectOutputStream.java:1548)
  at java.io.ObjectOutputStream.writeSerialData(ObjectOutputStream.java:1509)
  at java.io.ObjectOutputStream.writeOrdinaryObject(ObjectOutputStream.java:1432)
  at java.io.ObjectOutputStream.writeObject0(ObjectOutputStream.java:1178)
  at java.io.ObjectOutputStream.writeObject(ObjectOutputStream.java:348)
  at org.apache.spark.serializer.JavaSerializationStream.writeObject(JavaSerializer.scala:44)
  at org.apache.spark.serializer.JavaSerializerInstance.serialize(JavaSerializer.scala:101)
  at org.apache.spark.util.ClosureCleaner$.ensureSerializable(ClosureCleaner.scala:393)
  ... 55 more
Caused by: org.apache.spark.SparkException: Attempted to use Broadcast(0) after it was destroyed (destroy at <console>:26)
  at org.apache.spark.broadcast.Broadcast.assertValid(Broadcast.scala:144)
  at org.apache.spark.broadcast.TorrentBroadcast.$anonfun$writeObject$1(TorrentBroadcast.scala:213)
  at scala.runtime.java8.JFunction0$mcV$sp.apply(JFunction0$mcV$sp.java:23)
  at org.apache.spark.util.Utils$.tryOrIOException(Utils.scala:1343)
  ... 117 more
